Loaded .env file from: D:\Scripts\analyse\Telemark\Python\token.env
X_FUNCTIONS_KEY loaded successfully.
Loaded .env file from: D:\Scripts\analyse\Telemark\Python\token.env
GITHUB_TOKEN loaded successfully.
Sysselsatte, kommuner JSON-stat data loaded successfully.
Sysselsatte, landet JSON-stat data loaded successfully.
Personer, landet JSON-stat data loaded successfully.
Request error in Personer, kommunene: 502 Server Error: Bad Gateway for url: https://data.ssb.no/api/v0/no/table/07459/
Error occurred: 502 Server Error: Bad Gateway for url: https://data.ssb.no/api/v0/no/table/07459/
Email notifications disabled. Errors in sysselsetting_alder.py were not sent.


Errors:
Traceback (most recent call last):
  File "D:\Scripts\analyse\Telemark\Python\Queries/03_Arbeid_og_naeringsliv/Arbeidsliv/Sysselsetting/sysselsetting_alder.py", line 426, in <module>
    df_personer_kommuner = fetch_data(
                           ^^^^^^^^^^^
  File "D:\Scripts\analyse\Telemark\Python\Helper_scripts\utility_functions.py", line 48, in fetch_data
    response.raise_for_status()
  File "C:\Users\_eve1509\AppData\Local\anaconda3\envs\analyse\Lib\site-packages\requests\models.py", line 1026, in raise_for_status
    raise HTTPError(http_error_msg, response=self)
requests.exceptions.HTTPError: 502 Server Error: Bad Gateway for url: https://data.ssb.no/api/v0/no/table/07459/

During handling of the above exception, another exception occurred:

Traceback (most recent call last):
  File "D:\Scripts\analyse\Telemark\Python\Queries/03_Arbeid_og_naeringsliv/Arbeidsliv/Sysselsetting/sysselsetting_alder.py", line 438, in <module>
    raise RuntimeError(
RuntimeError: A critical error occurred during data fetching, stopping execution.

ERROR conda.cli.main_run:execute(125): `conda run python D:\Scripts\analyse\Telemark\Python\Queries/03_Arbeid_og_naeringsliv/Arbeidsliv/Sysselsetting/sysselsetting_alder.py` failed. (See above for error)
