Loaded .env file from: C:\Users\eve1509\OneDrive - Telemark fylkeskommune\Github\Telemark\Python\token.env
X_FUNCTIONS_KEY loaded successfully.
Loaded .env file from: C:\Users\eve1509\OneDrive - Telemark fylkeskommune\Github\Telemark\Python\token.env
GITHUB_TOKEN loaded successfully.
Request error in Sekund√¶rflytting: 500 Server Error: Internal Server Error for url: https://app-simapi-prod.azurewebsites.net/download_csv/k/flyktning_botid_flyttin
Error occurred: 500 Server Error: Internal Server Error for url: https://app-simapi-prod.azurewebsites.net/download_csv/k/flyktning_botid_flyttin
Email notifications disabled. Errors in sekundaerflytting.py were not sent.
Traceback (most recent call last):
  File "C:\Users\eve1509\OneDrive - Telemark fylkeskommune\Github\Telemark\Python\Queries\09_Innvandrere_og_inkludering\Bosetting_av_flyktninger\sekundaerflytting.py", line 29, in <module>
    df = fetch_data(
  File "C:\Users\eve1509\OneDrive - Telemark fylkeskommune\Github\Telemark\Python\Helper_scripts\utility_functions.py", line 48, in fetch_data
    response.raise_for_status()
  File "C:\Users\eve1509\.conda\envs\analyse\lib\site-packages\requests\models.py", line 1024, in raise_for_status
    raise HTTPError(http_error_msg, response=self)
requests.exceptions.HTTPError: 500 Server Error: Internal Server Error for url: https://app-simapi-prod.azurewebsites.net/download_csv/k/flyktning_botid_flyttin

During handling of the above exception, another exception occurred:

Traceback (most recent call last):
  File "C:\Users\eve1509\OneDrive - Telemark fylkeskommune\Github\Telemark\Python\Queries\09_Innvandrere_og_inkludering\Bosetting_av_flyktninger\sekundaerflytting.py", line 41, in <module>
    raise RuntimeError(
RuntimeError: A critical error occurred during data fetching, stopping execution.
[07.01.2025  11:40:28] Started Innvandrere - Sekundaerflytting (sekundaerflytting.py)
[07.01.2025  11:40:28] Script failed with error: Command 'cmd.exe /c "conda activate analyse && python "C:\Users\eve1509\OneDrive - Telemark fylkeskommune\Github\Telemark\Python\Queries\09_Innvandrere_og_inkludering\Bosetting_av_flyktninger\sekundaerflytting.py""' returned non-zero exit status 1.
